{
  "experiment": "EXP-0006",
  "status": "ACCEPT",
  "evidence_label": "candidate proxy-referenced static real texture; not anatomical accuracy evidence",
  "exp_0005_metrics_sha256": "b1d87dc020932fe6059ff52ffc5ca2e435baa63e502c77ad6b147ee9cdd0178c",
  "exp_0005_case_manifest_sha256": "db097249b25182864fa6e6dbd38b494a97c42846f96ccf4f4145948ceba06bcc",
  "proxy_sha256": "1f891a38c4175e5d6e38d776fbb73c96fe2e2a796e4aecfd386e6ab9da34a11c",
  "selection_manifest_sha256": "575e0ac2e6d276651ee8fd3887b4e3116f2aaa06c4668e3f86da91976e6d1d35",
  "selected_cases": 300,
  "expected_cases": 300,
  "cell_counts": {
    "2023-09-19-01|head|0.05": 10,
    "2023-09-19-01|head|0.10": 10,
    "2023-09-19-01|head|0.20": 10,
    "2023-09-19-01|head|0.30": 10,
    "2023-09-19-01|head|0.40": 10,
    "2023-09-19-01|tail|0.05": 10,
    "2023-09-19-01|tail|0.10": 10,
    "2023-09-19-01|tail|0.20": 10,
    "2023-09-19-01|tail|0.30": 10,
    "2023-09-19-01|tail|0.40": 10,
    "2023-09-27-01|head|0.05": 10,
    "2023-09-27-01|head|0.10": 10,
    "2023-09-27-01|head|0.20": 10,
    "2023-09-27-01|head|0.30": 10,
    "2023-09-27-01|head|0.40": 10,
    "2023-09-27-01|tail|0.05": 10,
    "2023-09-27-01|tail|0.10": 10,
    "2023-09-27-01|tail|0.20": 10,
    "2023-09-27-01|tail|0.30": 10,
    "2023-09-27-01|tail|0.40": 10,
    "2023-10-11-01|head|0.05": 10,
    "2023-10-11-01|head|0.10": 10,
    "2023-10-11-01|head|0.20": 10,
    "2023-10-11-01|head|0.30": 10,
    "2023-10-11-01|head|0.40": 10,
    "2023-10-11-01|tail|0.05": 10,
    "2023-10-11-01|tail|0.10": 10,
    "2023-10-11-01|tail|0.20": 10,
    "2023-10-11-01|tail|0.30": 10,
    "2023-10-11-01|tail|0.40": 10
  },
  "valid_pool_counts": {
    "2023-09-19-01|head|0.05": 29,
    "2023-09-19-01|tail|0.05": 25,
    "2023-09-19-01|head|0.10": 29,
    "2023-09-19-01|tail|0.10": 24,
    "2023-09-19-01|head|0.20": 28,
    "2023-09-19-01|tail|0.20": 25,
    "2023-09-19-01|head|0.30": 18,
    "2023-09-19-01|tail|0.30": 31,
    "2023-09-19-01|head|0.40": 14,
    "2023-09-19-01|tail|0.40": 31,
    "2023-09-27-01|head|0.05": 24,
    "2023-09-27-01|tail|0.05": 25,
    "2023-09-27-01|head|0.10": 24,
    "2023-09-27-01|tail|0.10": 26,
    "2023-09-27-01|head|0.20": 25,
    "2023-09-27-01|tail|0.20": 24,
    "2023-09-27-01|head|0.30": 21,
    "2023-09-27-01|tail|0.30": 24,
    "2023-09-27-01|head|0.40": 12,
    "2023-09-27-01|tail|0.40": 22,
    "2023-10-11-01|head|0.05": 27,
    "2023-10-11-01|tail|0.05": 28,
    "2023-10-11-01|head|0.10": 28,
    "2023-10-11-01|tail|0.10": 27,
    "2023-10-11-01|head|0.20": 23,
    "2023-10-11-01|tail|0.20": 26,
    "2023-10-11-01|head|0.30": 15,
    "2023-10-11-01|tail|0.30": 26,
    "2023-10-11-01|head|0.40": 11,
    "2023-10-11-01|tail|0.40": 28
  },
  "duplicate_condition_identities": 0,
  "direct_window_hash_checks_passed": 300,
  "interpolation_hash_checks_passed": 300,
  "support_checks_passed": 300,
  "transform_checks_passed": 300,
  "maximum_roundtrip_error_px": 5.684341886080802e-14,
  "roundtrip_limit_px": 0.0001,
  "unique_source_frames": 87,
  "maximum_conditions_per_source_frame": 7,
  "source_reuse_count_distribution": {
    "1": 7,
    "2": 16,
    "3": 28,
    "4": 15,
    "5": 11,
    "6": 8,
    "7": 2
  },
  "source_window_k": {
    "minimum": 96,
    "maximum": 132,
    "median": 96.0
  },
  "output_path": "/temp_data4/alex/external_artifacts/datasets/worm_pose_gen/real_crop_balanced_v1/benchmark.h5",
  "output_size_bytes": 26206788,
  "maximum_output_bytes": 262144000,
  "output_sha256": "57f104cc3a77ad0833257fdedadf153a03b73ac731656dca84de593319e0f849",
  "complete_marker": true,
  "runtime_seconds": 9.803178610280156,
  "runtime_limit_seconds": 600.0,
  "host": {
    "python": "3.13.15",
    "platform": "Linux-6.12.0-211.22.1.el10_2.x86_64-x86_64-with-glibc2.39"
  }
}
