{
  "experiment": "EXP-0005",
  "status": "REJECT",
  "evidence_label": "candidate proxy-referenced real texture; not anatomical accuracy evidence",
  "proxy_path": "/temp_data4/alex/external_artifacts/datasets/worm_pose_gen/proxy_v1/proxy_labels.h5",
  "proxy_sha256": "1f891a38c4175e5d6e38d776fbb73c96fe2e2a796e4aecfd386e6ab9da34a11c",
  "accepted_proxy_frames": 90,
  "accepted_by_recording": {
    "2023-09-19-01": 33,
    "2023-09-27-01": 26,
    "2023-10-11-01": 31
  },
  "attempted_conditions": 900,
  "valid_crops": 720,
  "valid_crop_yield": 0.8,
  "complete_frames_all_ten_conditions": 14,
  "complete_by_recording": {
    "2023-09-19-01": 4,
    "2023-09-27-01": 7,
    "2023-10-11-01": 3
  },
  "minimum_complete_frames": 60,
  "per_condition": {
    "head_0.05": {
      "valid": 80,
      "attempted": 90,
      "by_recording": {
        "2023-09-19-01": 29,
        "2023-09-27-01": 24,
        "2023-10-11-01": 27
      }
    },
    "tail_0.05": {
      "valid": 78,
      "attempted": 90,
      "by_recording": {
        "2023-09-19-01": 25,
        "2023-09-27-01": 25,
        "2023-10-11-01": 28
      }
    },
    "head_0.10": {
      "valid": 81,
      "attempted": 90,
      "by_recording": {
        "2023-09-19-01": 29,
        "2023-09-27-01": 24,
        "2023-10-11-01": 28
      }
    },
    "tail_0.10": {
      "valid": 77,
      "attempted": 90,
      "by_recording": {
        "2023-09-19-01": 24,
        "2023-09-27-01": 26,
        "2023-10-11-01": 27
      }
    },
    "head_0.20": {
      "valid": 76,
      "attempted": 90,
      "by_recording": {
        "2023-09-19-01": 28,
        "2023-09-27-01": 25,
        "2023-10-11-01": 23
      }
    },
    "tail_0.20": {
      "valid": 75,
      "attempted": 90,
      "by_recording": {
        "2023-09-19-01": 25,
        "2023-09-27-01": 24,
        "2023-10-11-01": 26
      }
    },
    "head_0.30": {
      "valid": 54,
      "attempted": 90,
      "by_recording": {
        "2023-09-19-01": 18,
        "2023-09-27-01": 21,
        "2023-10-11-01": 15
      }
    },
    "tail_0.30": {
      "valid": 81,
      "attempted": 90,
      "by_recording": {
        "2023-09-19-01": 31,
        "2023-09-27-01": 24,
        "2023-10-11-01": 26
      }
    },
    "head_0.40": {
      "valid": 37,
      "attempted": 90,
      "by_recording": {
        "2023-09-19-01": 14,
        "2023-09-27-01": 12,
        "2023-10-11-01": 11
      }
    },
    "tail_0.40": {
      "valid": 81,
      "attempted": 90,
      "by_recording": {
        "2023-09-19-01": 31,
        "2023-09-27-01": 22,
        "2023-10-11-01": 28
      }
    }
  },
  "rejection_reason_counts": {
    "no_exact_support_window_any_scale": 180
  },
  "source_window_k": {
    "minimum": 96,
    "maximum": 132,
    "median": 96.0,
    "counts": {
      "96": 428,
      "97": 14,
      "98": 9,
      "99": 15,
      "100": 9,
      "101": 9,
      "102": 10,
      "103": 14,
      "104": 12,
      "105": 8,
      "106": 15,
      "107": 8,
      "108": 15,
      "109": 14,
      "110": 12,
      "111": 12,
      "112": 18,
      "113": 7,
      "114": 10,
      "115": 14,
      "116": 10,
      "117": 6,
      "118": 8,
      "119": 3,
      "120": 2,
      "121": 4,
      "122": 3,
      "123": 5,
      "124": 3,
      "125": 5,
      "126": 1,
      "127": 9,
      "128": 5,
      "129": 2,
      "132": 1
    }
  },
  "maximum_source_roundtrip_error_px": 0.0,
  "source_roundtrip_limit_px": 1e-05,
  "maximum_resized_roundtrip_error_px": 5.684341886080802e-14,
  "resized_roundtrip_limit_px": 0.0001,
  "direct_window_and_interpolation_checks_passed": 720,
  "independent_support_checks_passed": 720,
  "deterministic_repeat_checks_passed": 720,
  "external_output_retained": false,
  "case_manifest_sha256": "db097249b25182864fa6e6dbd38b494a97c42846f96ccf4f4145948ceba06bcc",
  "runtime_seconds": 17.469035577960312,
  "runtime_limit_seconds": 900.0,
  "host": {
    "python": "3.13.15",
    "platform": "Linux-6.12.0-211.22.1.el10_2.x86_64-x86_64-with-glibc2.39"
  },
  "case_manifest_entries": 900
}
